// Vitest Snapshot v1, https://vitest.dev/guide/snapshot.html

exports[`Flashcards > should render correctly 1`] = `
<DocumentFragment>
  <section
    class="flex flex-col items-center justify-center"
  >
    <button
      data-testid="flashcard"
    >
      <div
        class="flex flex-col items-center justify-center bg-white p-8 rounded-xl shadow-md w-60 h-72"
      >
        <h2
          class="text-xl mb-2"
          data-testid="pinyin"
        >
          wǒ
        </h2>
        <h1
          class="text-6xl font-bold mb-5"
          data-testid="character"
        >
          我
        </h1>
      </div>
    </button>
    <div
      class="relative w-full py-4"
    >
      <button
        class="absolute right-0 border-2 text-black bg-white rounded-xl shadow-md px-4 py-2 hover:bg-blue-200 hover:text-white"
        data-testid="next-button"
      >
        Next
      </button>
    </div>
  </section>
</DocumentFragment>
`;
